============================================================
   Tang Dynasty, V6.2.168116
   Copyright (c) 2012-2025 Anlogic Inc.
   Executable = D:/Anlogic/TD_6.2.1_Engineer_6.2.168.116/bin/td.exe
   Built at =   16:32:07 Jun 12 2025
   Run by =     30736
   Run Date =   Mon Apr  6 18:57:40 2026

   Run on =     THE_WALK
============================================================
RUN-1002 : start command "import_db D:/LHY/anlu/CPU/sm_scan_Runs/phy_1/sm_scan_pr.db"
RUN-1001 : Importing database generated by Tang Dynasty, V6.2.168116.
RUN-1001 : Database version number 46207
RUN-1001 : Import flow parameters
RUN-1001 : Import netlist
PHY-1001 : Generate detailed routing grids ...
PHY-1001 : End build routing graph; 4.460927s wall, 4.328125s user + 0.046875s system = 4.375000s CPU (98.1%)

PHY-1001 : Build lut bridge;  0.109025s wall, 0.093750s user + 0.000000s system = 0.093750s CPU (86.0%)

PHY-1001 : Generate nets ...
PHY-1001 : clock net clk_syn_3 will be merged with clock clk
PHY-1001 : net clk_50_dup_1 will be routed on clock mesh
PHY-1001 : eco open net = 0
PHY-1001 : 17 feed throughs used by 11 nets
RUN-1001 : Import phy database
RUN-1001 : Import IO constraints
RUN-1001 : Import Inst constraints
RUN-1001 : Import ChipWatcher
RUN-1001 : Import design success TD_VERSION=6.2.168116 , DB_VERSION=46207
RUN-1003 : finish command "import_db D:/LHY/anlu/CPU/sm_scan_Runs/phy_1/sm_scan_pr.db" in  5.140913s wall, 4.781250s user + 0.093750s system = 4.875000s CPU (94.8%)

RUN-1004 : used memory is 487 MB, reserved memory is 453 MB, peak memory is 544 MB
RUN-1002 : start command "commit_param -step design"
RUN-1001 : Print Global Property
RUN-1001 : --------------------------------------------------------
RUN-1001 :   Parameters   |  Settings  |  Default Values  |  Note  
RUN-1001 : --------------------------------------------------------
RUN-1001 :   enable_seed  |    off     |       off        |        
RUN-1001 :     message    |  standard  |     standard     |        
RUN-1001 :   qor_monitor  |     on     |        on        |        
RUN-1001 :   syn_ip_flow  |    off     |       off        |        
RUN-1001 :     thread     |    auto    |       auto       |        
RUN-1001 : --------------------------------------------------------
RUN-1001 : Print Design Property
RUN-1001 : ----------------------------------------------------------------
RUN-1001 :       Parameters       |  Settings  |  Default Values  |  Note  
RUN-1001 : ----------------------------------------------------------------
RUN-1001 :   default_reg_initial  |    auto    |       auto       |        
RUN-1001 :    hdl_warning_level   |   normal   |      normal      |        
RUN-1001 : ----------------------------------------------------------------
HDL-1007 : analyze verilog file cpu_top.v
HDL-1007 : analyze verilog file digital_show.v
HDL-1007 : analyze verilog file control_unit.v
HDL-1007 : analyze verilog file pc.v
HDL-1007 : analyze verilog file ir.v
HDL-1007 : analyze verilog file register_file.v
HDL-1007 : analyze verilog file alu.v
HDL-1007 : analyze verilog file data_ram.v
HDL-1007 : analyze verilog file instr_rom.v
RUN-1002 : start command "commit_param -step design"
RUN-1001 : Print Global Property
RUN-1001 : --------------------------------------------------------
RUN-1001 :   Parameters   |  Settings  |  Default Values  |  Note  
RUN-1001 : --------------------------------------------------------
RUN-1001 :   enable_seed  |    off     |       off        |        
RUN-1001 :     message    |  standard  |     standard     |        
RUN-1001 :   qor_monitor  |     on     |        on        |        
RUN-1001 :   syn_ip_flow  |    off     |       off        |        
RUN-1001 :     thread     |    auto    |       auto       |        
RUN-1001 : --------------------------------------------------------
RUN-1001 : Print Design Property
RUN-1001 : ----------------------------------------------------------------
RUN-1001 :       Parameters       |  Settings  |  Default Values  |  Note  
RUN-1001 : ----------------------------------------------------------------
RUN-1001 :   default_reg_initial  |    auto    |       auto       |        
RUN-1001 :    hdl_warning_level   |   normal   |      normal      |        
RUN-1001 : ----------------------------------------------------------------
HDL-1007 : analyze verilog file cpu_top.v
HDL-1007 : analyze verilog file digital_show.v
HDL-1007 : analyze verilog file control_unit.v
HDL-1007 : analyze verilog file pc.v
HDL-1007 : analyze verilog file ir.v
HDL-1007 : analyze verilog file register_file.v
HDL-1007 : analyze verilog file alu.v
HDL-1007 : analyze verilog file data_ram.v
HDL-1007 : analyze verilog file instr_rom.v
RUN-1002 : start command "commit_param -step design"
RUN-1001 : Print Global Property
RUN-1001 : --------------------------------------------------------
RUN-1001 :   Parameters   |  Settings  |  Default Values  |  Note  
RUN-1001 : --------------------------------------------------------
RUN-1001 :   enable_seed  |    off     |       off        |        
RUN-1001 :     message    |  standard  |     standard     |        
RUN-1001 :   qor_monitor  |     on     |        on        |        
RUN-1001 :   syn_ip_flow  |    off     |       off        |        
RUN-1001 :     thread     |    auto    |       auto       |        
RUN-1001 : --------------------------------------------------------
RUN-1001 : Print Design Property
RUN-1001 : ----------------------------------------------------------------
RUN-1001 :       Parameters       |  Settings  |  Default Values  |  Note  
RUN-1001 : ----------------------------------------------------------------
RUN-1001 :   default_reg_initial  |    auto    |       auto       |        
RUN-1001 :    hdl_warning_level   |   normal   |      normal      |        
RUN-1001 : ----------------------------------------------------------------
HDL-1007 : analyze verilog file cpu_top.v
HDL-8007 ERROR: syntax error near ';' in cpu_top.v(292)
HDL-8007 ERROR: ignore module module due to previous errors in cpu_top.v(1)
HDL-5007 WARNING: could not find top-level module/unit; aborting hierarchy tree creation
RUN-1002 : start command "commit_param -step design"
RUN-1001 : Print Global Property
RUN-1001 : --------------------------------------------------------
RUN-1001 :   Parameters   |  Settings  |  Default Values  |  Note  
RUN-1001 : --------------------------------------------------------
RUN-1001 :   enable_seed  |    off     |       off        |        
RUN-1001 :     message    |  standard  |     standard     |        
RUN-1001 :   qor_monitor  |     on     |        on        |        
RUN-1001 :   syn_ip_flow  |    off     |       off        |        
RUN-1001 :     thread     |    auto    |       auto       |        
RUN-1001 : --------------------------------------------------------
RUN-1001 : Print Design Property
RUN-1001 : ----------------------------------------------------------------
RUN-1001 :       Parameters       |  Settings  |  Default Values  |  Note  
RUN-1001 : ----------------------------------------------------------------
RUN-1001 :   default_reg_initial  |    auto    |       auto       |        
RUN-1001 :    hdl_warning_level   |   normal   |      normal      |        
RUN-1001 : ----------------------------------------------------------------
HDL-1007 : analyze verilog file cpu_top.v
HDL-1007 : analyze verilog file digital_show.v
HDL-1007 : analyze verilog file control_unit.v
HDL-1007 : analyze verilog file pc.v
HDL-1007 : analyze verilog file ir.v
HDL-1007 : analyze verilog file register_file.v
HDL-1007 : analyze verilog file alu.v
HDL-1007 : analyze verilog file data_ram.v
HDL-1007 : analyze verilog file instr_rom.v
PRJ-1412 : reset_run syn_1 phy_1.
PRJ-1409 : launch_runs syn_1 phy_1  -jobs 6.
PRJ-1410 : Run syn_1 success.
RUN-1002 : start command "save_best_bits"
PRJ-1410 : Run phy_1 success.
PRJ-1424 : The implemented result of phy_1 is saved as best result.
RUN-1002 : start command "import_db D:/LHY/anlu/CPU/sm_scan_Runs/phy_1/sm_scan_pr.db"
RUN-1001 : Importing database generated by Tang Dynasty, V6.2.168116.
RUN-1001 : Database version number 46207
RUN-1001 : Import flow parameters
RUN-1001 : Import netlist
PHY-1001 : Generate detailed routing grids ...
PHY-1001 : End build routing graph; 0.964673s wall, 0.953125s user + 0.031250s system = 0.984375s CPU (102.0%)

PHY-1001 : Build lut bridge;  0.081324s wall, 0.078125s user + 0.000000s system = 0.078125s CPU (96.1%)

PHY-1001 : Generate nets ...
PHY-1001 : clock net clk_syn_3 will be merged with clock clk
PHY-1001 : net clk_50_dup_1 will be routed on clock mesh
PHY-1001 : eco open net = 0
PHY-1001 : 15 feed throughs used by 15 nets
RUN-1001 : Import phy database
RUN-1001 : Import IO constraints
RUN-1001 : Import Inst constraints
RUN-1001 : Import ChipWatcher
RUN-1001 : Import design success TD_VERSION=6.2.168116 , DB_VERSION=46207
RUN-1003 : finish command "import_db D:/LHY/anlu/CPU/sm_scan_Runs/phy_1/sm_scan_pr.db" in  2.947128s wall, 2.843750s user + 0.078125s system = 2.921875s CPU (99.1%)

RUN-1004 : used memory is 593 MB, reserved memory is 571 MB, peak memory is 669 MB
RUN-1002 : start command "commit_param -step design"
RUN-1001 : Print Global Property
RUN-1001 : --------------------------------------------------------
RUN-1001 :   Parameters   |  Settings  |  Default Values  |  Note  
RUN-1001 : --------------------------------------------------------
RUN-1001 :   enable_seed  |    off     |       off        |        
RUN-1001 :     message    |  standard  |     standard     |        
RUN-1001 :   qor_monitor  |     on     |        on        |        
RUN-1001 :   syn_ip_flow  |    off     |       off        |        
RUN-1001 :     thread     |    auto    |       auto       |        
RUN-1001 : --------------------------------------------------------
RUN-1001 : Print Design Property
RUN-1001 : ----------------------------------------------------------------
RUN-1001 :       Parameters       |  Settings  |  Default Values  |  Note  
RUN-1001 : ----------------------------------------------------------------
RUN-1001 :   default_reg_initial  |    auto    |       auto       |        
RUN-1001 :    hdl_warning_level   |   normal   |      normal      |        
RUN-1001 : ----------------------------------------------------------------
HDL-1007 : analyze verilog file cpu_top.v
HDL-1007 : analyze verilog file digital_show.v
HDL-1007 : analyze verilog file control_unit.v
HDL-1007 : analyze verilog file pc.v
HDL-1007 : analyze verilog file ir.v
HDL-1007 : analyze verilog file register_file.v
HDL-1007 : analyze verilog file alu.v
HDL-1007 : analyze verilog file data_ram.v
HDL-1007 : analyze verilog file instr_rom.v
PRJ-1412 : reset_run syn_1 phy_1.
PRJ-1409 : launch_runs syn_1 phy_1  -jobs 6.
PRJ-1410 : Run syn_1 success.
PRJ-1410 : Run phy_1 success.
RUN-1002 : start command "save_best_bits"
PRJ-1424 : The implemented result of phy_1 is saved as best result.
RUN-1002 : start command "import_db D:/LHY/anlu/CPU/sm_scan_Runs/phy_1/sm_scan_pr.db"
RUN-1001 : Importing database generated by Tang Dynasty, V6.2.168116.
RUN-1001 : Database version number 46207
RUN-1001 : Import flow parameters
RUN-1001 : Import netlist
PHY-1001 : Generate detailed routing grids ...
PHY-1001 : End build routing graph; 0.957983s wall, 0.906250s user + 0.062500s system = 0.968750s CPU (101.1%)

PHY-1001 : Build lut bridge;  0.086291s wall, 0.046875s user + 0.015625s system = 0.062500s CPU (72.4%)

PHY-1001 : Generate nets ...
PHY-1001 : clock net clk_syn_3 will be merged with clock clk
PHY-1001 : net clk_50_dup_1 will be routed on clock mesh
PHY-1001 : eco open net = 0
PHY-1001 : 21 feed throughs used by 21 nets
RUN-1001 : Import phy database
RUN-1001 : Import IO constraints
RUN-1001 : Import Inst constraints
RUN-1001 : Import ChipWatcher
RUN-1001 : Import design success TD_VERSION=6.2.168116 , DB_VERSION=46207
RUN-1003 : finish command "import_db D:/LHY/anlu/CPU/sm_scan_Runs/phy_1/sm_scan_pr.db" in  3.139470s wall, 3.046875s user + 0.109375s system = 3.156250s CPU (100.5%)

RUN-1004 : used memory is 599 MB, reserved memory is 585 MB, peak memory is 672 MB
PRJ-1412 : reset_run syn_1 phy_1.
PRJ-1409 : launch_runs syn_1 phy_1  -jobs 6.
PRJ-1410 : Run syn_1 success.
PRJ-1410 : Run phy_1 success.
RUN-1002 : start command "save_best_bits"
PRJ-1424 : The implemented result of phy_1 is saved as best result.
RUN-1002 : start command "import_db D:/LHY/anlu/CPU/sm_scan_Runs/phy_1/sm_scan_pr.db"
RUN-1001 : Importing database generated by Tang Dynasty, V6.2.168116.
RUN-1001 : Database version number 46207
RUN-1001 : Import flow parameters
RUN-1001 : Import netlist
PHY-1001 : Generate detailed routing grids ...
PHY-1001 : End build routing graph; 0.982483s wall, 0.921875s user + 0.031250s system = 0.953125s CPU (97.0%)

PHY-1001 : Build lut bridge;  0.089222s wall, 0.078125s user + 0.000000s system = 0.078125s CPU (87.6%)

PHY-1001 : Generate nets ...
PHY-1001 : clock net clk_syn_3 will be merged with clock clk
PHY-1001 : net clk_50_dup_1 will be routed on clock mesh
PHY-1001 : eco open net = 0
PHY-1001 : 21 feed throughs used by 21 nets
RUN-1001 : Import phy database
RUN-1001 : Import IO constraints
RUN-1001 : Import Inst constraints
RUN-1001 : Import ChipWatcher
RUN-1001 : Import design success TD_VERSION=6.2.168116 , DB_VERSION=46207
RUN-1003 : finish command "import_db D:/LHY/anlu/CPU/sm_scan_Runs/phy_1/sm_scan_pr.db" in  3.218641s wall, 3.046875s user + 0.093750s system = 3.140625s CPU (97.6%)

RUN-1004 : used memory is 566 MB, reserved memory is 586 MB, peak memory is 672 MB
RUN-1002 : start command "commit_param -step design"
RUN-1001 : Print Global Property
RUN-1001 : --------------------------------------------------------
RUN-1001 :   Parameters   |  Settings  |  Default Values  |  Note  
RUN-1001 : --------------------------------------------------------
RUN-1001 :   enable_seed  |    off     |       off        |        
RUN-1001 :     message    |  standard  |     standard     |        
RUN-1001 :   qor_monitor  |     on     |        on        |        
RUN-1001 :   syn_ip_flow  |    off     |       off        |        
RUN-1001 :     thread     |    auto    |       auto       |        
RUN-1001 : --------------------------------------------------------
RUN-1001 : Print Design Property
RUN-1001 : ----------------------------------------------------------------
RUN-1001 :       Parameters       |  Settings  |  Default Values  |  Note  
RUN-1001 : ----------------------------------------------------------------
RUN-1001 :   default_reg_initial  |    auto    |       auto       |        
RUN-1001 :    hdl_warning_level   |   normal   |      normal      |        
RUN-1001 : ----------------------------------------------------------------
HDL-1007 : analyze verilog file cpu_top.v
HDL-1007 : analyze verilog file digital_show.v
HDL-1007 : analyze verilog file control_unit.v
HDL-1007 : analyze verilog file pc.v
HDL-1007 : analyze verilog file ir.v
HDL-1007 : analyze verilog file register_file.v
HDL-1007 : analyze verilog file alu.v
HDL-1007 : analyze verilog file data_ram.v
HDL-1007 : analyze verilog file instr_rom.v
PRJ-1412 : reset_run syn_1 phy_1.
PRJ-1409 : launch_runs syn_1 phy_1  -jobs 6.
PRJ-1410 : Run syn_1 success.
RUN-1002 : start command "save_best_bits"
PRJ-1424 : The implemented result of phy_1 is saved as best result.
PRJ-1410 : Run phy_1 success.
RUN-1002 : start command "import_db D:/LHY/anlu/CPU/sm_scan_Runs/phy_1/sm_scan_pr.db"
RUN-1001 : Importing database generated by Tang Dynasty, V6.2.168116.
RUN-1001 : Database version number 46207
RUN-1001 : Import flow parameters
RUN-1001 : Import netlist
PHY-1001 : Generate detailed routing grids ...
PHY-1001 : End build routing graph; 1.003773s wall, 0.906250s user + 0.093750s system = 1.000000s CPU (99.6%)

PHY-1001 : Build lut bridge;  0.096207s wall, 0.078125s user + 0.015625s system = 0.093750s CPU (97.4%)

PHY-1001 : Generate nets ...
PHY-1001 : clock net clk_syn_3 will be merged with clock clk
PHY-1001 : net clk_50_dup_1 will be routed on clock mesh
PHY-1001 : eco open net = 0
PHY-1001 : 25 feed throughs used by 18 nets
RUN-1001 : Import phy database
RUN-1001 : Import IO constraints
RUN-1001 : Import Inst constraints
RUN-1001 : Import ChipWatcher
RUN-1001 : Import design success TD_VERSION=6.2.168116 , DB_VERSION=46207
RUN-1003 : finish command "import_db D:/LHY/anlu/CPU/sm_scan_Runs/phy_1/sm_scan_pr.db" in  3.188215s wall, 3.000000s user + 0.171875s system = 3.171875s CPU (99.5%)

RUN-1004 : used memory is 565 MB, reserved memory is 586 MB, peak memory is 672 MB
RUN-1002 : start command "commit_param -step design"
RUN-1001 : Print Global Property
RUN-1001 : --------------------------------------------------------
RUN-1001 :   Parameters   |  Settings  |  Default Values  |  Note  
RUN-1001 : --------------------------------------------------------
RUN-1001 :   enable_seed  |    off     |       off        |        
RUN-1001 :     message    |  standard  |     standard     |        
RUN-1001 :   qor_monitor  |     on     |        on        |        
RUN-1001 :   syn_ip_flow  |    off     |       off        |        
RUN-1001 :     thread     |    auto    |       auto       |        
RUN-1001 : --------------------------------------------------------
RUN-1001 : Print Design Property
RUN-1001 : ----------------------------------------------------------------
RUN-1001 :       Parameters       |  Settings  |  Default Values  |  Note  
RUN-1001 : ----------------------------------------------------------------
RUN-1001 :   default_reg_initial  |    auto    |       auto       |        
RUN-1001 :    hdl_warning_level   |   normal   |      normal      |        
RUN-1001 : ----------------------------------------------------------------
HDL-1007 : analyze verilog file cpu_top.v
HDL-1007 : analyze verilog file digital_show.v
HDL-1007 : analyze verilog file control_unit.v
HDL-1007 : analyze verilog file pc.v
HDL-1007 : analyze verilog file ir.v
HDL-1007 : analyze verilog file register_file.v
HDL-1007 : analyze verilog file alu.v
HDL-1007 : analyze verilog file data_ram.v
HDL-1007 : analyze verilog file instr_rom.v
RUN-1002 : start command "commit_param -step design"
RUN-1001 : Print Global Property
RUN-1001 : --------------------------------------------------------
RUN-1001 :   Parameters   |  Settings  |  Default Values  |  Note  
RUN-1001 : --------------------------------------------------------
RUN-1001 :   enable_seed  |    off     |       off        |        
RUN-1001 :     message    |  standard  |     standard     |        
RUN-1001 :   qor_monitor  |     on     |        on        |        
RUN-1001 :   syn_ip_flow  |    off     |       off        |        
RUN-1001 :     thread     |    auto    |       auto       |        
RUN-1001 : --------------------------------------------------------
RUN-1001 : Print Design Property
RUN-1001 : ----------------------------------------------------------------
RUN-1001 :       Parameters       |  Settings  |  Default Values  |  Note  
RUN-1001 : ----------------------------------------------------------------
RUN-1001 :   default_reg_initial  |    auto    |       auto       |        
RUN-1001 :    hdl_warning_level   |   normal   |      normal      |        
RUN-1001 : ----------------------------------------------------------------
HDL-1007 : analyze verilog file cpu_top.v
HDL-1007 : analyze verilog file digital_show.v
HDL-1007 : analyze verilog file control_unit.v
HDL-1007 : analyze verilog file pc.v
HDL-1007 : analyze verilog file ir.v
HDL-1007 : analyze verilog file register_file.v
HDL-1007 : analyze verilog file alu.v
HDL-1007 : analyze verilog file data_ram.v
HDL-1007 : analyze verilog file instr_rom.v
PRJ-1412 : reset_run syn_1 phy_1.
PRJ-1409 : launch_runs syn_1 phy_1  -jobs 6.
PRJ-1410 : Run syn_1 success.
PRJ-1410 : Run phy_1 success.
RUN-1002 : start command "save_best_bits"
PRJ-1424 : The implemented result of phy_1 is saved as best result.
RUN-1002 : start command "import_db D:/LHY/anlu/CPU/sm_scan_Runs/phy_1/sm_scan_pr.db"
RUN-1001 : Importing database generated by Tang Dynasty, V6.2.168116.
RUN-1001 : Database version number 46207
RUN-1001 : Import flow parameters
RUN-1001 : Import netlist
PHY-1001 : Generate detailed routing grids ...
PHY-1001 : End build routing graph; 0.980612s wall, 0.890625s user + 0.078125s system = 0.968750s CPU (98.8%)

PHY-1001 : Build lut bridge;  0.095702s wall, 0.031250s user + 0.000000s system = 0.031250s CPU (32.7%)

PHY-1001 : Generate nets ...
PHY-1001 : clock net clk_syn_3 will be merged with clock clk
PHY-1001 : net clk_50_dup_1 will be routed on clock mesh
PHY-1001 : eco open net = 0
PHY-1001 : 18 feed throughs used by 18 nets
RUN-1001 : Import phy database
RUN-1001 : Import IO constraints
RUN-1001 : Import Inst constraints
RUN-1001 : Import ChipWatcher
RUN-1001 : Import design success TD_VERSION=6.2.168116 , DB_VERSION=46207
RUN-1003 : finish command "import_db D:/LHY/anlu/CPU/sm_scan_Runs/phy_1/sm_scan_pr.db" in  3.177039s wall, 3.015625s user + 0.140625s system = 3.156250s CPU (99.3%)

RUN-1004 : used memory is 570 MB, reserved memory is 591 MB, peak memory is 672 MB
PRJ-1412 : reset_run syn_1 phy_1.
PRJ-1409 : launch_runs syn_1 phy_1  -jobs 6.
PRJ-1410 : Run syn_1 success.
RUN-1002 : start command "save_best_bits"
PRJ-1424 : The implemented result of phy_1 is saved as best result.
PRJ-1410 : Run phy_1 success.
RUN-1002 : start command "import_db D:/LHY/anlu/CPU/sm_scan_Runs/phy_1/sm_scan_pr.db"
RUN-1001 : Importing database generated by Tang Dynasty, V6.2.168116.
RUN-1001 : Database version number 46207
RUN-1001 : Import flow parameters
RUN-1001 : Import netlist
PHY-1001 : Generate detailed routing grids ...
PHY-1001 : End build routing graph; 1.017334s wall, 0.984375s user + 0.031250s system = 1.015625s CPU (99.8%)

PHY-1001 : Build lut bridge;  0.099690s wall, 0.093750s user + 0.000000s system = 0.093750s CPU (94.0%)

PHY-1001 : Generate nets ...
PHY-1001 : clock net clk_syn_3 will be merged with clock clk
PHY-1001 : net clk_50_dup_1 will be routed on clock mesh
PHY-1001 : eco open net = 0
PHY-1001 : 18 feed throughs used by 18 nets
RUN-1001 : Import phy database
RUN-1001 : Import IO constraints
RUN-1001 : Import Inst constraints
RUN-1001 : Import ChipWatcher
RUN-1001 : Import design success TD_VERSION=6.2.168116 , DB_VERSION=46207
RUN-1003 : finish command "import_db D:/LHY/anlu/CPU/sm_scan_Runs/phy_1/sm_scan_pr.db" in  3.438054s wall, 3.265625s user + 0.140625s system = 3.406250s CPU (99.1%)

RUN-1004 : used memory is 568 MB, reserved memory is 595 MB, peak memory is 672 MB
PRJ-1412 : reset_run syn_1 phy_1.
PRJ-1409 : launch_runs syn_1 phy_1  -jobs 6.
PRJ-1410 : Run syn_1 success.
RUN-1002 : start command "save_best_bits"
PRJ-1424 : The implemented result of phy_1 is saved as best result.
PRJ-1410 : Run phy_1 success.
RUN-1002 : start command "import_db D:/LHY/anlu/CPU/sm_scan_Runs/phy_1/sm_scan_pr.db"
RUN-1001 : Importing database generated by Tang Dynasty, V6.2.168116.
RUN-1001 : Database version number 46207
RUN-1001 : Import flow parameters
RUN-1001 : Import netlist
PHY-1001 : Generate detailed routing grids ...
PHY-1001 : End build routing graph; 1.000476s wall, 0.953125s user + 0.046875s system = 1.000000s CPU (100.0%)

PHY-1001 : Build lut bridge;  0.095648s wall, 0.062500s user + 0.000000s system = 0.062500s CPU (65.3%)

PHY-1001 : Generate nets ...
PHY-1001 : clock net clk_syn_3 will be merged with clock clk
PHY-1001 : net clk_50_dup_1 will be routed on clock mesh
PHY-1001 : eco open net = 0
PHY-1001 : 18 feed throughs used by 18 nets
RUN-1001 : Import phy database
RUN-1001 : Import IO constraints
RUN-1001 : Import Inst constraints
RUN-1001 : Import ChipWatcher
RUN-1001 : Import design success TD_VERSION=6.2.168116 , DB_VERSION=46207
RUN-1003 : finish command "import_db D:/LHY/anlu/CPU/sm_scan_Runs/phy_1/sm_scan_pr.db" in  3.246157s wall, 3.125000s user + 0.093750s system = 3.218750s CPU (99.2%)

RUN-1004 : used memory is 564 MB, reserved memory is 592 MB, peak memory is 672 MB
